[    00000 Itiizin crop ubsys put
[  0.000000] Iniiaiznggrup subyscp
[    .00000]Inialinggrou sbsys cpuct
[    .000000] Linux ersio 4.40-121-generic (buildd@lcy01-amd64004) (ccerion 4. 201060 (bunu 5.4.0-6ubuu116.04)  #145-Ubuntu SMP ri A 113:47:3 C 01(Untu 4.40-1.14-gerc 4.11)[  0.00000] mmnd lin BOT_IAG/bot/vmlnu4.4.12geneic rotLAEL=clodi-rotfs r csole=ty1onoltt0
[    0.000000] KRN spportedcp:
[    .0000]   nt GnuinInel
[   000000] AD uthenticMD
[   00000  ntaur CtaHauls[  0.000] 86/fu:stte_ose[2:  56,stte_sizes[2: 256
[    0.0000] x86fp Suppoti XSAVE feature 0x01: 'x87 floatin pntregite'
[   00000 x6/pu: uporing XSAVE fture 0x0: SS riser
   00000 x86fpu: SupportingXSE eatue 04 'VXegster'[   0.000000 x86/fu:Enabedsttefeurs 7,ontext szes 832 yt, using tada' orat.
[   0.0000 x/fu:Usg lazy' FP ctet swithe
[    0000] e820 BS-rovided phsicalAMap:   00000] IOS-e20 [mem0x000000000000-00000000009bf] usle
[    .000] BIOSe80:[mm 00000000009fc0-0000000009fff rerved
[   .00000] IO-e20: me0x00000000f0000-x0000000fff] rseed
[   0.000] BIO-e0:[mem x00000001000-0000000dffff] uab
    0.0000] BIOS-e820 [em 000000dff00-0x0000000ffffffACI at
[   0.0000 BOS-e820:[mm 000000fec0000x00000fec00fff]rerved
[  000000]IO-e0:mem x000000fe000000x00000fee0ff resrvd[   .0000]BI-e20: [mm 0000000ffc000x0000fffff]reserved
[   0000] BIS-20 [m 0000000100000-0x000011fffff]sale
[  00000 N (ece Diabe)protectin:ctiv
  0.000000] SMBIS 2.5 pest.
[   0.000] Hyperis detecedKV
[  000000] e82 lst_pfn = 012000 axrc_pfn= x4000000
[  000000]MT: isabed[   0.000] x6/T:MTRR dabed, skppg PAT italizaio to.
[  00000] PUTRRsal bnk -viuaiz stem.
  0.000] 6/PAT:Coigraion [0-7]: WB WT  U-   B  W  - C  [   0.000]e80:as_pfn  0ff0 ma_ah_pf= 400000
    0.000]foundSM Mtable t em 0x009f0-0x009ff]mapeat[ffff80009fff0
   0.000] Scanning aeas folomemorycouption
[  0.0000]RADI: mem 036a000x354ff
   0.00000ACI: Ear tble checksumveificaion diabed
[   0.0000 ACP: DP0x0000000E000 0024v0VBOX  )
[   0.0000] CP XSD 0000000DFF00 0003C (v01 VBOX   VBOXSD 00001ASL  00061
[   00000] AI:FA 0000000DF00F000F4(v4 OX  BOFAP 000001SL 0000006
    .000] ACPI: DSD 000000000FF470 02F v02 OX VBOBI 0000002 ITL010052)[   0.000]CP FACS 0x00000DFF00000040
   0000] ACP: FAS x000000DF0200 000
[    0.0000 API: PI 0000000DFFF040 0005Cv0 VBO  OXAP 000001 AS  00001)[    0.000] CP SDT 0x00000DFFF020 01C (v01 VBOX  VBOPU000000INL 2010058)
[   .00000 NNUMA cnfurtin un
[   .00000] Fakinga de a [m 0x00000000000x00001ffffff
  0.00000]OD_DA( allocte[mem 011f700-01fbfff
[  0.000] vm-coc Using mrsb564d01 ndb56400[   0.000] kv-cck cpu , sr1:ffef00, imry cpuclk
[  000000kvclock:usg scd fsetof56076460cyes
[  000000]losource k-cock: mk:xfffffffffffaxcycls:x1d42df, max_idlens881590143 
   0.0000]Zone rng:
[    0.0000  A      [emx00000000000100-0x000000fffff
[   0.0000   DA32   [m 0x000000001000-0x0000fffff]
  0.00000]  ormal   em0x00000000000-000001ffff]
[   00000] Deice  mpy
[  00000]Movae ne stt r ea nde
[  000000] rly meornoderaes
[  0.0000]  nde  0:me 0x000000000-0x00000009ff
[  00000  node  0[mem x00000010000-0000000dffeff]
[  00000  node 0 [emx00000010000000-x0000011ffff][   0.0000 Inimesetuno 0 [me 00000000010000x0000011fffff]
[   0.0000] ACI:M-TierO Pot:x408
  0.0000 IPI0]: apc_ 2, veron32, adre 0xfec00, I 23
  0.00000 AI: I_SC_R us 0 bs_q 0 ob_irq2 l fl)
    000000 AC: T_SRC_OV(bus b_irq 9 global_irq l level
[   0.0000] sing CP(MDT) fr P onfiguratin inrmion
[  0000000] pboo Aowing 2 CPUs, 0 hpl CPU
  0.0000 P: giered nsae emory:[m 000000-x000f]
[   .00000] M:Regier nose mory: [memx0009f000x00ff]
[  0000] : Regier nosavmeor [m 0x000a000x00ff]
[   .0000]M: egistre nsae memoy:mem 0x000f000-x000fffff]
[  000000]M:egisrenosave memry [m dfff00-0dffff
[    0.000000] P: giterd sae mo: [memxe00000xbfff][   0.000000] PM: Regsted nose emory: [mem 0xfec000xfec00fff]
    0000] PM Riserd ose memory: [mm 0xc000-0xffff]
[    000000] P Rgierd noveemor: [mem 0xf000-0xe0ff]
[  00000PM: Regiered nsae mory[m 0xf010-0xfffff][   0000] PM Riser nave mo: [mem0xfc000-ffffff]    0000] e820[mm 0xe0000-0xfebfff] available for PCI device
    00000]Bootngaravirtulied krnl  KVM
[    0.00000]cloksourc: efne-jifesmask: ffffffmacycls:xffffff m_idle_: 455196002156 n
  0.000000] et_percp N_CPUS:2 r_pumaskbis:512 _cpuid2 r_noe_ids:
    .000] PECP: beddd  pges/pu@fff8011c000 s9544 r19d3528 u1486
[   0.0000] V pilok astable eris:25(oder: 0 46 ytes
  0.00000]uit 1 zolits in derder, oblitygroungn.  Tota pes: 1032056[    00000] Poliy ne: oral
[   0.00000Kern cmandin BOOIME=/boo/vinz-4..021geneicoo=LAB=cudimrofs rcoole=y1onsolettS0
[   0.000] PIDas tableenie: 09(ode 33276bys)
[   0000] emoy:403217K/19848K ailble (82Kkernel ce,133Kwdta 36Krodata 18Kint,31K ss16672Krervd, 0 c-rserved)[[  0.0000 SUB Hlin=64, Orer-3 Minbjts0,CP=2 Nods=
[   0.0000 KerelUse pge tablesisationenled
[   0.0000Hirachicl U mplention.   0.00000	Bild-timeadustmen oleaffautto 6.    0.0000] RCU stcting Usrom NRPU=512 t ncp_i=2
[    0.000000 RU:djusting gemery forrcfaout_af4, nr_puds2
[  00000] _IQS:302nrirs:40 6
[  00000 Cnsol cour GA8025[   .0000] onle[tty ebled
[   000000] cosole [yS enabed
[    0.000000] tsc: Detected 2194.918 MHz processor
[   34.205605] Calibrating delay loop (skipped) preset value.. 4389.83 BogoMIPS (lpj=8779672)
[   34.369900] pid_max: default: 32768 minimum: 301
[   34.461860] ACPI: Core revision 20150930
[   34.557558] ACPI: 2 ACPI AML tables successfully acquired and loaded
[   34.700043] Security Framework initialized
[   34.791911] Yama: becoming mindful.
[   34.866261] AppArmor: AppArmor initialized
[   34.963628] Dentry cache hash table entries: 524288 (order: 10, 4194304 bytes)
[   35.126351] Inode-cache hash table entries: 262144 (order: 9, 2097152 bytes)
[   35.269791] Mount-cache hash table entries: 8192 (order: 4, 65536 bytes)
[   35.398242] Mountpoint-cache hash table entries: 8192 (order: 4, 65536 bytes)
[   35.528370] Initializing cgroup subsys io
[   35.618908] Initializing cgroup subsys memory
[   35.712077] Initializing cgroup subsys devices
[   35.788191] Initializing cgroup subsys freezer
[   35.870061] Initializing cgroup subsys net_cls
[   35.962760] Initializing cgroup subsys perf_event
[   36.056084] Initializing cgroup subsys net_prio
[   36.151469] Initializing cgroup subsys hugetlb
[   36.239348] Initializing cgroup subsys pids
[   36.321978] CPU: Physical Processor ID: 0
[   36.386124] CPU: Processor Core ID: 0
[   36.436816] FEATURE SPEC_CTRL Not Present
[   36.528195] mce: CPU supports 0 MCE banks
[   36.613991] Last level iTLB entries: 4KB 1024, 2MB 1024, 4MB 1024
[   36.744829] Last level dTLB entries: 4KB 1024, 2MB 1024, 4MB 1024, 1GB 4
[   36.882372] Spectre V2 mitigation: Mitigation: Full generic retpoline
[   37.003636] Spectre V2 mitigation: Speculation control IBPB not-supported IBRS not-supported
[   37.168100] Freeing SMP alternatives memory: 32K
[   37.263736] ftrace: allocating 32202 entries in 126 pages
[   37.415625] smpboot: APIC(0) Converting physical 0 to logical package 0
[   37.498422] smpboot: Max logical packages: 1
[   37.499786] x2apic enabled
[   37.500806] Switched APIC routing to physical x2apic.
[   37.503033] ..TIMER: vector=0x30 apic1=0 pin1=2 apic2=-1 pin2=-1
[   37.610411] smpboot: CPU0: Intel(R) Core(TM) i7-4770HQ CPU @ 2.20GHz (family: 0x6, model: 0x46, stepping: 0x1)
[   37.834743] Performance Events: unsupported p6 CPU model 70 no PMU driver, software events only.
[   38.036154] KVM setup paravirtual spinlock
[   38.1325388 x86: Booting SMP configuration:
[   38.227235] .... node  #0, CPUs:      #1
[   38.309694] kvm-clock: cpu 1, msr 1:1ffef041, secondary cpu clock
[   38.464406] mce: CPU supports 0 MCE banks
[   38.540021] x86: Booted up 1 node, 2 CPUs
[   38.584930] smpboot: Total of 2 processors activated (8779.67 BogoMIPS)
[   38.702551] devtmpfs: initialized
[   38.766515] evm: security.selinux
[   38.833919] evm: security.SMACK64
[   38.909192] evm: security.SMACK64EXEC
[   38.993981] evm: security.SMACK64TRANSMUTE
[   39.081368] evm: security.SMACK64MMAP
[   39.155570] evm: security.ima
[   39.214211] evm: security.capability
[   39.285591] clocksource: jiffies: mask: 0xffffffff max_cycles: 0xffffffff, max_idle_ns: 7645041785100000 ns
[   39.485268] futex hash table entries: 512 (order: 3, 32768 bytes)
[   39.607014] pinctrl core: initialized pinctrl subsystem
[   39.673907] RTC time:  6:22:15, date: 05/08/18
[   39.756873] NET: Registered protocol family 16
[   39.853972] cpuidle: using governor ladder
[   39.953604] cpuidle: using governor menu
[   40.011231] PCCT header not found.
[   40.072921] ACPI: bus type PCI registered
[   40.159233] acpiphp: ACPI Hot Plug PCI Connroller Driver version: 0.5
[   40.275770] PCI: Using configuration type 1 for base access
[   40.394713] ACPI: Added _OSI(Module Device)
[   40.470787] ACPI: Added _OSI(Processor Device)
[   40.556857] ACPI: Added _OSI(3.0 _SCP Extensions)
[   40.652959] ACPI: Added _OSI(Processor Aggregator Device)
[   40.752113] ACPI: Executed 1 blocks of module-level executable AML code
[   40.820879] ACPI: Interpreter enabled
[   40.881218] ACPI: (supports S0 S5)
[   40.954799] ACPI: Using IOAPIC for interrupt routing
[   41.056218] PCI: Using host bridge windows from ACPI; if necessary, use "pci=nocrs" and report a bug
[   41.241899] ACPI: PCI Root Bridge [PCI0] (domain 0000 [bus 00-ff])
[   41.382028] acpi PNP0A03:00: _OSC: OS supports [ASPM ClockPM Segments MSI]
[   41.510981] acpi PNP0A03:00: _OSC: not requesting OS control; OS requires [ExtendedConfig ASPM ClockPM MSI]
[   41.703584] acpi PNP0A03:00: fail to add MMCONFIG information, can't access extended PCI configuration space under this bridge.
[   41.895771] PCI host bridge to bus 0000:00
[   41.900618] pci_bus 0000:00: root bus resource [io  0x0000-0x0cf7 window]
[   41.902159] pci_bus 0000:00: root bus resource [io  0x0d00-0xffff window]
[   41.938490] pci_bus 0000:00: root bus resource [mem 0x000a0000-0x000bffff window]
[   42.057736] pci_bus 0000:00: root bus resource [mem 0xe0000000-0xfdffffff window]
[   42.218470] pci_bus 0000:00: root bus resource [bus 00-ff]
[   42.324352] pci 0000:00:01.1: legacy IDE quirk: reg 0x10: [io  0x01f0-0x01f7]
[   42.423109] pci 0000:00:01.1: legacy IDE quirk: reg 0x14: [io  0x03f6]
[   42.485974] pci 0000:00:01.1: legacy IDE quirk: reg 0x18: [io  0x0170-0x0177]
[   42.569963] pci 0000:00:01.1: legacy IDE quirk: reg 0x1c: [io  0x0376]
[   42.693378] pci 0000:00:07.0: quirk: [io  0x4000-0x403f] claimed by PIIX4 ACPI
[   42.834749] pci 0000:00:07.0: quirk: [io  0x4100-0x410f] claimed by PIIX4 SMB
[   42.981638] ACPI: PCI Interrupt Link [LNKA] (IRQs 5 9 10 *11)
[   43.053466] ACPI: PCI Interrupt Link [LNKB] (IRQs 5 9 *10 11)
[   43.158993] ACPI: PCI Interrupt Link [LNKC] (IRQs 5 *9 10 11)
[   43.246488] ACPI: PCI Interrupt Link [LNKD] (IRQs 5 9 10 *11)
[   43.346083] ACPI: Enabled 2 GPEs in block 00 to 07
[   43.441789] vgaarb: setting as boot device: PCI:0000:00:02.0
[   43.549663] vgaarb: device added: PCI:0000:00:02.0,decodes=io+mem,owns=io+mem,locks=none
[   43.686200] vgaarb: loaded
[   43.728395] vgaarb: bridge control possible 0000:00:02.0
[   43.818503] SCSI subsystem initialized
[   43.878496] ACPI: bus type USB registered
[   43.948749] usbcore: registered new interface driver usbfs
[   44.058133] usbcore: registered new interface driver hub
[   44.111288] usbcore: registered new device driver usb
[   44.181875] PCI: Using ACPI for IRQ routing
[   44.254554] NetLabel: Initializing
[   44.320885] NetLabel:  domain hash size = 128
[   44.403498] NetLabel:  protocols = UNLABELED CIPSOv4
[   44.502280] NetLabel:  unlabeled traffic allowed by default
[   44.608223] amd_nb: Cannot enumerate AMD northbridges
[   44.712781] clocksource: Switched to clocksource kvm-clock
[   44575]ppmo AArr lest Eable
[ 45294]npPnAC it  5.78] p:nPCP fnd dvis
[   46.410119] clocksource: acpi_pm: mask: 0xffffff max_cycles: 0xffffff, max_idle_ns: 2085701024 ns
[   46.674037] NET: Registered protocol family 2
[   46.815175] TCP established hash table entries: 32768 (order: 6, 262144 bytes)
[   47.024281] TCP bind hash table entries: 32768 (order: 7, 524288 bytes)
[   47.227231] TCP: Hash tables configured (established 32768 bind 32768)
[   47.334820] UDP hash table entries: 2048 (order: 4, 65536 bytes)
[   47.381514] UDP-Lite hash table entries: 2048 (order: 4, 65536 bytes)
[   47.408810] NET: Registered protocol family 1
[   47.435908] pci 0000:00:00.0: Limiting direct PCI/PCI transfers
[   47.468699] pci 0000:00:01.0: Activating ISA DMA hang workarounds
[   47.596342] Unpacking initramfs...
[   49.466735] Freeing initrd memory: 10860K
[   49.587514] PCI-DMA: Using software bounce buffering for IO (SWIOTLB)
[   49.702445] software IO TLB [mem 0xdbff0000-0xdfff0000] (64MB) mapped at [ffff8800dbff0000-ffff8800dffeffff]
[   49.877098] platform rtc_cmos: registered platform RTC device (no PNP device found)
[   50.007335] Scanning for low memory corruption every 60 seconds
[   50.038749] audit: initializing netlink subsys (disabled)
[   50.191804] audit: type=2000 audit(1525760507.388:1): initialized
[   50.348397] Initialise system trusted keyring
[   50.463822] HugeTLB registered 2 MB page size, pre-allocated 0 pages
[   50.603627] zbud: loaded
[   50.6633]FS Dis qtadqt_6.
[ 51544]scReneTSclocksrccabrio 23.1 z

[   51.799164] closocets: sk0xffffffff m_cles: 0x1f9efddb31a m_ie_: 072805s[   .734 V: qut-cchha tlentes51 (orer, 96yt)
[   51.799642] squashfs: version 4.0 (2009/01/31) Phillip Lougher
[   51.799884] fuse init (API version 7.23)
[   51.800019] Key type big_key registered
[   51.800042] Allocating IMA MOK and blacklist keyrings.
[   51.800391] Key type asymmetric registered
[   51.800395] Asymmetric key parser 'x509' registered
[   51.800451] Block layer SCSI generic (bsg) driver version 0.4 loaded (major 249)
[   51.800490] io scheduler noop registered
[   51.800492] io scheduler deadline registered (default)
[   51.800522] io scheduler cfq registered
[   51.800654] pci_hotplug: PCI Hot Plug PCI Core version: 0.5
[   51.800659] pciehp: PCI Express Hot Plug Controller Driver version: 0.4
[   51.801115] ACPI: AC Adapter [AC] (on-line)
[   51.801201] input: Power Button as /devices/LNXSYSTM:00/LNXPWRBN:00/input/input0
[   51.801204] ACPI: Power Button [PWRF]
[   51.801301] input: Sleep Button as /devices/LNXSYSTM:00/LNXSLPBN:00/input/input1
[   51.801304] ACPI: Sleep Button [SLPF]
[   51.801487] GHES: HEST is not enabled!
[   51.801585] Serial: 8250/16550 driver, 32 ports, IRQ sharing enabled
[   52.842674] 00:02: ttyS0 at I/O 0x3f8 (irq = 4, base_baud = 115200) is a 16550A
[   53.658455] Linux agpgart interface v0.103
[   54.002271] ACPI: Battery Slot [BAT0] (battery present)
[   54.003658] loop: module loaded
[   54.004245] scsi host0: ata_piix
[   54.004300] scsi host1: ata_piix
[   54.004325] ata1: PATA max UDM/33 cmd 0x1f0 ctl 0x3f6 bmdma 0xd000 irq 14
[   54.004326] ata2: PATA max UDMA/33 cmd 0x170 ctl 0x376 bmdma 0xd008 irq 15
[   54.004403] libphy: Fixed MDIO Bus: probed
[   54.004405] tun: Universal TUN/TAP device driver, 1.6
[   54.004406] tun: (C) 1999-2004 Max Krasnyansky <maxk@qualcomm.com>
[   54.004804] PPP generic driver version 2.4.2
[   54.004867] ehci_hcd: USB 2.0 'Enhanced' Host Controller (EHCI) Driver
[   54.004872] ehci-pci: EHCI PCI platform driver
[   54.004921] ehci-platform: EHCI generic platform driver
[   54.004929] ohci_hcd: USB 1.1 'Open' Host Controller (OHCI) Driver
[   54.004933] ohci-pci: OHCI PCI platform driver
[   54.004940] ohci-platform: OHCI generic platform driver
[   54.004947] uhci_hcd: USB Universal Host Controller Interface driver
[   54.005004] i8042: PNP: PS/2 Controller [PNP0303:PS2K,PNP0f03:PS2M] at 0x60,0x64 irq 1,12
[   54.093950] serio: i8042 KBD port at 0x60,0x64 irq 1
[   54.093958] serio: i8042 AUX port at 0x60,0x64 irq 12
[   54.094144] mousedev: PS/2 mouse device common for all mice
[   54.094661] rtc_cmos rtc_cmos: rtc core: registered rtc_cmos as rtc0
[   54.094724] rtc_cmos rtc_cmos: alarms up to one day, 114 bytes nvram
[   54.094733] i2c /dev entries driver
[   54.094805] device-mapper: uevent: version 1.0.3
[   54.094866] device-mapper: ioctl: 4.34.0-ioctl (2015-10-28) initialised: dm-devel@redhat.com
[   54.094885] ledtrig-cpu: registered to indicate activity on CPUs
[   54.095231] NET: Registered protocol family 10
[   54.095417] NET: Registered protocol family 17
[   54.095429] Key type dns_resolver registered
[   54.095706] registered taskstats version 1
[   54.095724] Loading compiled-in X.509 certificates
[   54.096414] Loaded X.509 cert 'Build time autogenerated kernel key: 1980cda84f1f26b64be4db6155d00e7fd6d05190'
[   54.096434] zswap: loaded using pool lzo/zbud
[   54.098214] Key type trusted registered
[   54.100567] Key type encrypted registered
[   54.100574] AppArmor: AppArmor sha1 policy hashing enabled
[   54.100617] ima: No TPM chip found, activating TPM-bypass!
[   54.102454] evm: HMAC attrs: 0x1
[   54.102856]   Magic number: 2:52:367
[   54.160292] rtc_cmos rtc_cmos: setting system clock to 2018-05-08 06:22:29 UTC (1525760549)
[   54.160508] BIOS EDD facility v0.16 2004-Jun-25, 0 devices found
[   54.160509] EDD information not available.
[   54.862874] input: AT Translated Set 2 keyboard as /devices/platform/i8042/serio0/input/input2
[   61.076105] Freeing unused kernel memory: 1508K
[   61.178234] Write protecting the kernel read-only data: 14336k
[   61.311216] Freeing unused kernel memory: 1696K
[   61.409589] Freeing unused kernel memory: 100K
Loading, please [   61.550102] random: systemd-udevd: uninitialized urandom read (16 bytes read, 4 bits of entropy available)
wait...
startin[   61.550656] random: udevadm: uninitialized urandom read (16 bytes read, 4 bits of entropy available)
g version 229
[   61.550672] random: udevadm: uninitialized urandom read (16 bytes read, 4 bits of entropy available)
[   61.558995] random: udevadm: uninitialized urandom read (16 bytes read, 4 bits of entropy available)
[   61.559031] random: udevadm: uninitialized urandom read (16 bytes read, 4 bits of entropy available)
[   61.559142] random: udevadm: uninitialized urandom read (16 bytes read, 4 bits of entropy available)
[   61.559181] random: udevadm: uninitialized urandom read (16 bytes read, 4 bits of entropy available)
[   61.559220] random: udevadm: uninitialized urandom read (16 bytes read, 4 bits of entropy available)
[   61.559262] random: udevadm: uninitialized urandom read (16 bytes read, 4 bits of entropy available)
[   61.559300] random: udevadm: uninitialized urandom read (16 bytes read, 4 bits of entropy available)
[   64.099830] e1000: Intel(R) PRO/1000 Network Driver - version 7.3.21-k8-NAPI
[   64.108908] e1000: Copyright (c) 1999-2006 Intel Corporation.
[   64.147116] AVX2 version of gcm_enc/dec engaged.
[   64.151658] Fusion MPT base driver 3.04.20
[   64.151658] Copyright (c) 1999-2008 LSI Corporation
[   64.409296] AES CTR mode by8 optimization enabled
[   64.456207] Fusion MPT SPI Host driver 3.04.20
[   64.656783] input: ImExPS/2 Generic Explorer Mouse as /devices/platform/i8042/serio1/input/input4
[   64.896146] e1000 0000:00:03.0 eth0: (PCI:33MHz:32-bit) 02:c5:21:46:7d:cc
[   65.033716] e1000 0000:00:03.0 eth0: Intel(R) PRO/1000 Network Connection
[   65.651755] e1000 0000:00:08.0 eth1: (PCI:33MHz:32-bit) 08:00:27:cb:23:32
[   65.802555] e1000 0000:00:08.0 eth1: Intel(R) PRO/1000 Network Connection
[   65.933515] e1000 0000:00:03.0 enp0s3: renamed from eth0
[   65.941322] mptbase: ioc0: Initiating bringup
[   66.150908] e1000 0000:00:08.0 enp0s8: renamed from eth1
[   66.280981] ioc0: LSI53C1030 A0: Capabilities={Initiator}
[   66.488946] scsi host2: ioc0: LSI53C1030 A0, FwRev=00000000h, Ports=1, MaxQ=256, IRQ=20
[   66.757834] scsi 2:0:0:0: Direct-Access     VBOX     HARDDISK         1.0  PQ: 0 ANSI: 5
[   66.956576] scsi target2:0:0: Beginning Domain Validation
[   67.053112] scsi target2:0:0: Domain Validation skipping write tests
[   67.193409] scsi target2:0:0: Ending Domain Validation
[   67.304828] scsi target2:0:0: asynchronous
[   67.419807] scsi 2:0:1:0: Direct-Access     VBOX     HARDDISK         1.0  PQ: 0 ANSI: 5
[   67.453584] scsi target2:0:1: Beginning Domain Validation
[   67.638512] scsi target2:0:1: Domain Validation skipping write tests
[   67.820020] scsi target2:0:1: Ending Domain Validation
[   67.975164] scsi target2:0:1: asynchronous
[   68.103021] sd 2:0:0:0: [sda] 20971520 512-byte logical blocks: (10.7 GB/10.0 GiB)
[   68.283326] sd 2:0:0:0: Attached scsi generic sg0 type 0
[   68.383014] sd 2:0:1:0: Attached scsi generic sg1 type 0
[   68.387267] sd 2:0:0:0: [sda] Write Protect is off
[   68.387502] sd 2:0:0:0: [sda] Incomplete mode parameter data
[   68.387503] sd 2:0:0:0: [sda] Assuming drive cache: write through
[   68.479922] sd 2:0:1:0: [sdb] 20480 512-byte logical blocks: (10.5 MB/10.0 MiB)
[   68.480264] sd 2:0:1:0: [sdb] Write Protect is off
[   68.480349] sd 2:0:1:0: [sdb] Incomplete mode parameter data
[   68.480350] sd 2:0:1:0: [sdb] Assuming drive cache: write through
[   68.482321]  sda: sda1
[   68.483803] sd 2:0:0:0: [sda] Attached SCSI disk
[   68.484089] sd 2:0:1:0: [sdb] Attached SCSI disk
Begin: Loading e[   70.609887] md: linear personality registered for level -1
ssential drivers[   70.727278] md: multipath personality registered for level -4
 ... [   70.757261] md: raid0 personality registered for level 0
[   70.775990] md: raid1 personality registered for level 1
[   70.976975] raid6: sse2x1   gen()  9178 MB/s
[   71.173457] raid6: sse2x1   xor()  7397 MB/s
[   71.385125] raid6: sse2x2   gen() 12105 MB/s
[   71.602089] raid6: sse2x2   xor()  7999 MB/s
[   71.801294] raid6: sse2x4   gen() 12506 MB/s
[   71.904828] raid6: sse2x4   xor()  9207 MB/s
[   72.080853] raid6: avx2x1   gen() 16550 MB/s
[   72.240896] raid6: avx2x2   gen() 18074 MB/s
[   72.453304] raid6: avx2x4   gen() 24968 MB/s
[   72.547393] raid6: using algorithm avx2x4 gen() 24968 MB/s
[   72.700360] raid6: using avx2x2 recovery algorithm
[   72.850871] xor: automatically using best checksumming function:
[   72.964888]    avx       : 16665.000 MB/sec
[   73.011492] async_tx: api initialized (async)
[   73.046022] md: raid6 personality registered for level 6
[   73.076196] md: raid5 personality registered for level 5
[   73.177743] md: raid4 personality registered for level 4
[   73.309138] md: raid10 personality registered for level 10
done.
Begin: Running /scripts/init-premount ... done[   73.426866] Btrfs loaded
.
Begin: Mounting root file system ... Begin: Running /scripts/local-top ... do[   73.497921] EXT4-fs (sda1): INFO: recovery required on readonly filesystem
ne.
Begin: Runn[   73.711018] EXT4-fs (sda1): write access will be enabled during recovery
ing /scripts/local-premount ... Scanning for Btrfs filesystems
[   73.985700] EXT4-fs (sda1): orphan cleanup on readonly fs
done.
Warning: [   74.064617] EXT4-fs (sda1): 1 orphan inode deleted
fsck not present[   74.095883] EXT4-fs (sda1): recovery complete
, so skipping ro[   74.133317] EXT4-fs (sda1): mounted filesystem with ordered data mode. Opts: (null)
ot file system
done.
Begin: Running /scripts/local-bottom ... done.
Begin: Running /scripts/init-bottom ... done.
[   74383349syem[1 ste 29 nng  ste mode. (+PAM +AUDIT +SELINUX +IMA +APPARMOR +SMACK +SYSVINIT +UTMP +LIBCRYPTSETUP +GCRYPT +GNUTLS +ACL +XZ -LZ4 +SECCOMP +BLKID +ELFUTILS +KMOD -IDN)
[   75.179124] systemd[1]: Detected virtualization oracle.
[   75.241653] systemd[1]: Detected architecture x86-64.

Welcome to [1mUbuntu 16.04.4 LTS[0m!

[ 759975] systd[: t stnam t<untxeal
[   75.985376] random: nonblocking pool is initialized
[   76.127856] systemd[1]: Listening on Journal Socket (/dev/log).
[[0;32m  OK  [0m] Listening on Journal Socket (/dev/log).
[   76.8956 syste[1 Rchd targeSyemimSyhrized.
[[0;32m  OK  [0m] Reached target System Time Synchronized.
[  77.0346 ste[1 Rch trgetEnypd lume
[[0;32m  OK  [0m] Reached target Encrypted Volumes.
[  77293sytemd]:iseninondeKeeloct.
[[0;32m  OK  [0m] Listening on udev Kernel Socket.
[ 788135syem1]SeuputountAritra Ecuab Fe rms leysem AtounPot.
[[0;32m  OK  [0m] Set up automount Arbitrary Executab...ats File System Automount Point.
[ 79294]ystemd1]Lieninoneve-pperve demonFIs.
[[0;32m  OK  [0m] Listening on Device-mapper event daemon FIFOs.
[   80.64256] ysmd1] CreedliceUs a SesioSle.
[[0;32m  OK  [0m] Created slice User and Session Slice.
[ 810105] syem1]Litenig  SloSoet.

[[0;32m  OK  [0m] Listening on Syslog Socket.
[   81.8138] sytem[1 Lsteng  L2 llaen cket

[[0;32m  OK  [0m] Listening on LVM2 poll daemon socket.
[  85479syem1]Stted Triggr reslvonupteorneor D.
[[0;32m  OK  [0m] Started Trigger resolvconf update for networkd DNS.
[ 83530]ysmd]:eaedaret Swap
[[0;32m  OK  [0m] Reached target Swap.
[ 84.00546 ste[1: Stard rwrdPawo Rues  Wl rectory tc
[[0;32m  OK  [0m] Started Forward Password Requests to Wall Directory Watch.
[ 85.066 sted[]:Liteningonoualoct.
[[0;32m  OK  [0m] Listening on Journal Socket.
[ 857519] stemd[]:isning oLV meadat dmosoet

[[0;32m  OK  [0m] Listening on LVM2 metadata daemon socket.
[ 86377]ysmd]:Lieng  /v/initl mpibitNad pe

[[0;32m  OK  [0m] Listening on /dev/initctl Compatibility Named Pipe.
[   .4981]ysmd]:reedsle ystem Slice.
[[0;32m  OK  [0m] Created slice System Slice.
[   88.053042] systemd[1]: Starting Load Kernel Modules...
         Starting Load Ke[   88.170337] Loading iSCSI transport class v2.0-870.
rnel Modules...
[   88.203832] iscsi: registered transport (tcp)
[   88.218710] systemd[1]: Starting Create list of required static device nodes for the current kernel...
         Starting Create list of required st... nodes for the current kernel...
[   88.281229] systemd[1]: Created slice system-postgresql.slice.
[[0;32m  OK  [0m] Created slic[   88.304453] iscsi: registered transport (iser)
e system-postgresql.slice.
[   88.393624] systemd[1]: Mounting Huge Pages File System...
         Mounting Huge Pages File System...
[   88.521775] systemd[1]: Created slice system-serial\x2dgetty.slice.
[[0;32m  OK  [0m] Created slice system-serial\x2dgetty.slice.
[   88.601324] systemd[1]: Starting Set console keymap...
         Starting Set console keymap...
[   88.685338] systemd[1]: Mounting Debug File System...
         Mounting Debug File System...
[   88.917421] systemd[1]: Mounting POSIX Message Queue File System...
         Mounting POSIX Message Queue File System...
[   89.161599] systemd[1]: Reached target Slices.
[[0;32m  OK  [0m] Reached target Slices.
[   89.337330] systemd[1]: Starting Remount Root and Kernel File Systems...
[   9.219]XTfssd):e-und.pt (ll

         Starting Remount Root and Kernel File Systems...
[   90.215727] systemd[1]: Listening on Journal Audit Socket.
[[0;32m  OK  [0m] Listening on Journal Audit Socket.
[   90.409734] systemd[1]: Starting Journal Service...
         Starting Jourral Service...
[   90.593404] systemd[1]: Starting Nameserver information manager...
         Starting Nameserver information manager...
[   90.789347] systemd[1]: Starting Monitoring of LVM2 mirrors, snapshots etc. using dmeventd or progress polling...
         Starting Monitoring of LVM2 mirrors... dmeventd or progress polling...
[   90.904193] systemd[1]: Reached target User and Group Name Lookups.
[[0;32m  OK  [0m] Reached target User and Group Name Lookups.
[   91.113710] systemd[1]: Starting Uncomplicated firewall...
         Starting Uncomplicated firewall...
[   91.385895] systemd[1]: Listening on udev Control Socket.
[[0;32m  OK  [0m] Listening on udev Control Socket.
[   91.602921] systemd[1]: Mounted uuge Pages File System.
[[0;32m  OK  [0m] Mounted Huge Pages File System.
[   91.838317] systemd[1]: Mounted Debug File System.
[[0;32m  OK  [0m] Mounted Debug File System.
[   91.929090] systemd[1]: Mounted POSIX Message Queue File System.
[[0;32m  OK  [0m] Mounted POSIX Message Queue File System.
[   92.117791] systemd[1]: Started Journal Service.
[[0;32m  OK  [0m] Started Journal Service.
[[0;32m  OK  [0m] Started Load Kernel Modules.
[[0;32m  OK  [0m] Started Create list of required sta...ce nodes for the current kernel.
[[0;32m  OK  [0m] Started Set console keymap.
[[0;32m  OK  [0m] Started Remount Root and Kernel File Systems.
[[0;32m  OK  [0m] Started Uncomplicated firewall.
[[0;32m  OK  [0m] Started Nameserver information manager.
[[0;32m  OK  [0m] Started LVM2 metadata daemon.
         Starting udev Coldplug all Devices...
         Starting Load/Save Random Seed...
         Starting Initial cloud-init job (pre-networking)...
         Starting Create Static Device Nodes in /dev...
         Starting Apply Kernel Variables...
         Mounting FUSE Control File System...
         Starting Flush Journal to Persistent Storage...
[[0;32m  OK  [0m] Mounted FUSE Control File System.
[[0;32m  OK  [0m] Started Monitoring of LVM2 mirrors,...ng dmeventd or progress polling.
[[0;32m  OK  [0m] Started Load/Save Random Seed.
[[0;32m  OK  [0m] Started Create Static Device Nodes in /dev.
[[0;32m  OK  [0m] Started Apply Kernel Variables.
[[0;32m  OK  [0m] Started udev Coldplug all Devices.
[[0;32m  OK  [0m] Started Flush Journal to Persistent Storage.
         Starting udev Kernel Device Manager...
[[0;32m  OK  [0m] Started udev Kernel Device Manager.
[[0;32m  OK  [0m] Started Dispatch Password Requests to Console Directory Watch.
[[0;32m  OK  [0m] Reached target Local File Systems (Pre).
[[0;32m  OK  [0m] Reached target Local File Systems.
         Starting LSB: AppArmor initialization...
         Starting Tell Plymouth To Write Out Runtime Data...
         Starting Set console font and keymap...
         Starting Create Volatile Files and Directories...
[[0;32m  OK  [0m] Started Tell Plymouth To Write Out Runtime Data.
[[0;32m  OK  [0m] Started Create Volatile Files and Directories.
[[0;32m  OK  [0m] Found device /dev/ttyS0.
[   50.201441] cloud-init[452]: Cloud-init v. 18.2 running 'init-local' at Tue, 08 May 2018 06:23:08 +0000. Up 49.69 seconds.
[[0;32m  OK  [0m] Started LSB: AppArmor initialization.
[[0;32m  OK  [0m] Started Set console font and keymap.
[[0;32m  OK  [0m] Started Initial cloud-init job (pre-networking).
[[0;32m  OK  [0m] Listening on Load/Save RF Kill Switch Status /dev/rfkill Watch.
[[0;32m  OK  [0m] Reached target Network (Pre).
[[0;32m  OK  [0m] Started ifup for enp0s3.
[[0;32m  OK  [0m] Started ifup for enp0s8.
[[0;32m  OK  [0m] Created slice system-getty.slice.
         Starting Raise network interfaces...
         Starting Update UTMP about System Boot/Shutdown...
[[0;32m  OK  [0m] Started Update UTMP about System Boot/Shutdown.
[[0;32m  OK  [0m] Started Raise network interfaces.
[[0;32m  OK  [0m] Reached target Network.
         Starting Initial cloud-init job (metadata service crawler)...
[   52.077821] cloud-init[1038]: Cloud-init v. 18.2 running 'init' at Tue, 08 May 2018 06:23:11 +0000. Up 51.82 seconds.
[   52.204866] [cloud-init[0;32m  OK  [0m[1038]: ] ci-info: ++++++++++++++++++++++++++++++++++++++Net device info++++++++++++++++++++++++++++++++++++++Started Initial cloud-init job (metadata service crawler).

[   52.205772] cloud-init[1038]: ci-info: +--------+------+-----------------------------+---------------+-------+-------------------+
[   52.501249] [cloud-init[0;32m  OK  [0m[1038]: ] ci-info: | Device |  Up  |           Address           |      Mask     | Scope |     Hw-Address    |Reached target Network is Online.

[   52.624860]          cloud-initStarting iSCSI initiator daemon (iscsid)...[1038]: 
ci-info: +--------+------+-----------------------------+---------------+-------+-------------------+
[   52.821162] [cloud-init[0;32m  OK  [0m[1038]: ] ci-info: | enp0s3 | True |          10.0.2.15          | 255.255.255.0 |   .   | 02:c5:21:46:7d:cc |Reached target System Initialization.

[   52.822570] cloud-init[1038]: ci-info: | enp0s3 | True |  fe80::c5:21ff:fe46:7dcc/64 |       .       |  link | 02:c5:21:46:7d:cc |
[   53.096997] [cloud-init[0;32m  OK  [0m[1038]: ] ci-info: | enp0s8 | True |        192.168.33.60        | 255.255.255.0 |   .   | 08:00:27:cb:23:32 |Started ACPI Events Check.

[[0;32m  OK  [0m] Reached target Paths.
[   53.098220] cloud-init[1038]: ci-info: | enp0s8 | True | fe80::a00:27ff:fecb:2332/64 |       .       |  link | 08:00:27:cb:23:32 |
[   53.410190]          cloud-initStarting LXD - unix socket.[1038]: 
ci-info: |   lo   | True |          127.0.0.1          |   255.0.0.0   |   .   |         .         |
[   53.596461] [cloud-init[0;32m  OK  [0m[1038]: ] ci-info: |   lo   | True |           ::1/128           |       .       |  host |         .         |Started Daily apt download activities.

[[0;32m  OK  [0m] Started Daily apt upgrade and clean activities.
         Starting Socket activation for snappy daemon.
[[0;32m  OK  [0m] Listening on D-Bus System Message Bus Socket.
[[0;32m  OK  [0m] Listening on UUID daemon activation socket.
[   53.597287] cloud-init[1038]: ci-info: +--------+------+-----------------------------+---------------+-------+-------------------+
[   54.097258] [cloud-init[0;32m  OK  [0m[1038]: ] ci-info: ++++++++++++++++++++++++++++Route IPv4 info++++++++++++++++++++++++++++Listening on ACPID Listen Socket.

[[0;32m  OK  [0m] Started Daily Cleanup of Temporary Directories.
[   54.098504] cloud-init[1038]: ci-info: +-------+--------------+----------+---------------+-----------+-------+
[[0;32m  OK  [0m] Reached target Timers.
[[0;32m  OK  [0m] Reached target Cloud-config availability.
[   54.238367] cloud-init[1038]: ci-info: | Route | Destination  | Gateway  |    Genmask    | Interface | Flags |
[   54.590043] [cloud-init[0;32m  OK  [0m[1038]: ] ci-info: +-------+--------------+----------+---------------+-----------+-------+Listening on LXD - unix socket.

[[0;32m  OK  [0m] Listening on Socket activation for snappy daemon.
[   54.590928] cloud-init[1038]: ci-info: |   0   |   0.0.0.0    | 10.0.2.2 |    0.0.0.0    |   enp0s3  |   UG  |
[   54.776396] [[0;32m  OK  [0m] Started iSCSI initiator daemon (iscsid).
cloud-init[1038]: ci-info: |   1   |   10.0.2.0   | 0.0.0.0  | 255.255.255.0 |   enp0s3  |   U   |
[   54.940505]          cloud-initStarting Login to default iSCSI targets...[1038]: 
ci-info: |   2   | 192.168.33.0 | 0.0.0.0  | 255.255.255.0 |   enp0s8  |   U   |
[   55.136906] [cloud-init[0;32m  OK  [0m[1038]: ] ci-info: +-------+--------------+----------+---------------+-----------+-------+Reached target Sockets.

[[0;32m  OK  [0m] Reached target Basic System.
[[0;32m  OK  [0m] Started Deferred execution scheduler.
         Starting LSB: Record successful boot for GRUB...
         Starting System Logging Service...
[[0;32m  OK  [0m] Started D-Bus System Message Bus.
         Starting Accounts Service...
         Starting Apply the settings specified in cloud-config...
[[0;32m  OK  [0m] Started ACPI event daemon.
         Starting Advanced key-value store...
         Starting PostgreSQL Cluster 9.5-main...
         Starting Virtualbox guest utils...
         Starting /etc/rc.local Compatibility...
         Starting LSB: MD monitoring daemon...
[[0;32m  OK  [0m] Started FUSE filesystem for LXC.
[[0;32m  OK  [0m] Started Regular background program processing daemon.
[   55.968225] cloud-init[1117]: Cloud-init v. 18.2 running 'modules:config' at Tue, 08 May 2018 06:23:15 +0000. Up 55.78 seconds.
         Starting Login Service...
         Starting OpenBSD Secure Shell server...
[[0;32m  OK  [0m] Started Unattended Upgrades Shutdown.
         Starting Snappy daemon...
         Starting LXD - container startup/shutdown...
[[0;32m  OK  [0m] Started System Logging Service.
[[0;32m  OK  [0m] Started OpenBSD Secure Shell server.
[[0;32m  OK  [0m] Started Snappy daemon.
[[0;32m  OK  [0m] Started Apply the settings specified in cloud-config.
[[0;32m  OK  [0m] Started /etc/rc.local Compatibility.
[[0;32m  OK  [0m] Started LXD - container startup/shutdown.
[[0;32m  OK  [0m] Started Login to default iSCSI targets.
[[0;32m  OK  [0m] Started LSB: Record successful boot for GRUB.
[[0;32m  OK  [0m] Started Advanced key-value store.
[[0;32m  OK  [0m] Started LSB: MD monitoring daemon.
[[0;32m  OK  [0m] Started Virtualbox guest utils.
         Starting Authenticate and Authorize Users to Run Privileged Tasks...
[[0;32m  OK  [0m] Reached target Remote File Systems (Pre).
[[0;32m  OK  [0m] Reached target Remote File Systems.
         Starting LSB: Set the CPU Frequency Scaling governor to "ondemand"...
         Starting LSB: Start Jetty...
         Starting LSB: Start/stop sysstat's sadc...
         Starting Permit User Sessions...
         Starting LSB: automatic crash report generation...
         Starting LSB: daemon to balance interrupts for SMP systems...
[[0;32m  OK  [0m] Started Permit User Sessions.
[[0;32m  OK  [0m] Started Login Service.
[[0;32m  OK  [0m] Started Authenticate and Authorize Users to Run Privileged Tasks.
[[0;32m  OK  [0m] Started Accounts Service.
[[0;32m  OK  [0m] Started LSB: Set the CPU Frequency Scaling governor to "ondemand".
[[0;32m  OK  [0m] Started LSB: Start/stop sysstat's sadc.
         Starting Hold until boot process finishes up...
         Starting Terminate Plymouth Boot Screen...
[[0;32m  OK  [0m] Started LSB: automatic crash report generation.
[[0;32m  OK  [0m] Started LSB: daemon to balance interrupts for SMP systems.
[[0;32m  OK  [0m] Started Hold until boot process finishes up.
[[0;32m  OK  [0m] Started Terminate Plymouth Boot Screen.
         Starting Set console scheme...
[[0;32m  OK  [0m] Started Serial Getty on ttyS0.
[[0;32m  OK  [0m] Started Getty on tty1.
[[0;32m  OK  [0m] Reached target Login Prompts.
[[0;32m  OK  [0m] Started Set console scheme.
[[0;32m  OK  [0m] Started PostgreSQL Cluster 9.5-main.
         Starting PostgreSQL RDBMS...
[[0;32m  OK  [0m] Started PostgreSQL RDBMS.
[[0;32m  OK  [0m] Created slice User Slice of vagrant.
         Starting User Manager for UID 1000...
[[0;32m  OK  [0m] Started User Manager for UID 1000.
[[0;32m  OK  [0m] Started Session 1 of user vagrant.
[[0;32m  OK  [0m] Started LSB: Start Jetty.
[[0;32m  OK  [0m] Reached target Multi-User System.
         Starting Execute cloud user/final scripts...
[[0;32m  OK  [0m] Reached target Graphical Interface.
         Starting Update UTMP about System Runlevel Changes...
[[0;32m  OK  [0m] Started Update UTMP about System Runlevel Changes.
[   63.243385] cloud-init[1711]: Cloud-init v. 18.2 running 'modules:final' at Tue, 08 May 2018 06:23:22 +0000. Up 63.12 seconds.
[   63.243728] cloud-init[1711]: Cloud-init v. 18.2 finished at Tue, 08 May 2018 06:23:22 +0000. Datasource DataSourceNoCloud [seed=/dev/sdb][dsmode=net].  Up 63.23 seconds

Ubuntu 16.04.4 LTS ubuntu-xenial ttyS0

ubuntu-xenial login: 